N:  9152 | Tour length:  1031936.6 | Best known:   837479.0 | Ratio: 1.232 | Time consumed:  11.615 sec
