0 1 3 2 4 6 5 7 8 11 10 15 16 17 18 12 14 19 22 24 25 21 23 27 26 30 35 33 32 36 37 34 31 29 28 20 13 9 
Tour length: 6828.22
Best known:  6656
ratio:       1.02587
