N:  7146 | Tour length:   207948.5 | Best known:   172387.0 | Ratio: 1.206 | Time consumed:   6.421 sec
