Tour length: 1.26145e+06
Best known:  1.06188e+06
ratio:       1.18794
