N:  6117 | Tour length:   478020.4 | Best known:   394718.0 | Ratio: 1.211 | Time consumed:  11.407 sec
