Tour length: 94846.9
Best known:  79114
ratio:       1.19886
