N:  7663 | Tour length:   280286.3 | Best known:   238314.0 | Ratio:   1.176 | Time consumed:     8.8 sec
